
   INFO  Server running on [http://127.0.0.1:8000].

  Press Ctrl+C to stop the server

  2026-03-10 22:21:19 / .......................................... ~ 500.61ms
  2026-03-10 22:21:19 /install ..................................... ~ 0.07ms
  2026-03-10 22:21:36 /install ................................... ~ 500.54ms
  2026-03-10 22:22:27 /install ................................... ~ 500.64ms
  2026-03-10 22:22:49 /install ..................................... ~ 0.29ms
  2026-03-10 22:22:58 /install ..................................... ~ 0.22ms
  2026-03-10 22:23:20 /install ..................................... ~ 0.23ms
  2026-03-10 22:23:47 / ............................................ ~ 0.20ms
  2026-03-10 22:23:47 /install ..................................... ~ 0.05ms
  2026-03-10 22:23:49 /explore/map ................................. ~ 0.18ms
  2026-03-10 22:23:49 /install ................................... ~ 500.53ms
  2026-03-10 22:23:52 /explore/events .............................. ~ 0.29ms
  2026-03-10 22:23:52 /install ..................................... ~ 0.06ms
  2026-03-10 22:23:55 /explore/equipment ........................... ~ 0.34ms
  2026-03-10 22:23:55 /install ..................................... ~ 0.06ms
  2026-03-10 22:23:57 /explore/actors .............................. ~ 0.26ms
  2026-03-10 22:23:57 /install ................................... ~ 500.53ms
  2026-03-10 22:24:00 /explore/conflicts ........................... ~ 0.21ms
  2026-03-10 22:24:00 /install ..................................... ~ 0.05ms
  2026-03-10 22:24:03 /submit-tip .................................. ~ 0.21ms
  2026-03-10 22:24:03 /install ..................................... ~ 0.06ms
  2026-03-10 22:24:05 /login ....................................... ~ 0.17ms
  2026-03-10 22:24:05 /install ..................................... ~ 0.07ms
  2026-03-10 22:24:08 /register .................................... ~ 0.19ms
  2026-03-10 22:24:08 /install ..................................... ~ 0.06ms
  2026-03-10 22:24:11 /about ....................................... ~ 0.21ms
  2026-03-10 22:24:11 /install ..................................... ~ 0.05ms
  2026-03-10 22:24:13 /contact ..................................... ~ 0.20ms
  2026-03-10 22:24:13 /install ..................................... ~ 0.06ms
  2026-03-10 22:24:16 /login ..................................... ~ 500.66ms
  2026-03-10 22:24:16 /install ..................................... ~ 0.06ms
  2026-03-10 22:25:19 / ............................................ ~ 0.34ms
  2026-03-10 22:25:19 /install ................................... ~ 500.56ms
  2026-03-10 22:25:22 /explore/map ................................. ~ 0.19ms
  2026-03-10 22:25:22 /install ..................................... ~ 0.10ms
  2026-03-10 22:25:24 /explore/events .............................. ~ 0.22ms
  2026-03-10 22:25:24 /install ..................................... ~ 0.05ms
  2026-03-10 22:25:27 /explore/equipment ......................... ~ 500.56ms
  2026-03-10 22:25:27 /install ..................................... ~ 0.05ms
  2026-03-10 22:25:30 /explore/actors .............................. ~ 0.19ms
  2026-03-10 22:25:30 /install ..................................... ~ 0.06ms
  2026-03-10 22:25:32 /explore/conflicts ........................... ~ 0.19ms
  2026-03-10 22:25:32 /install ..................................... ~ 0.05ms
  2026-03-10 22:25:35 /submit-tip ................................ ~ 500.54ms
  2026-03-10 22:25:35 /install ..................................... ~ 0.05ms
  2026-03-10 22:25:38 /login ....................................... ~ 0.18ms
  2026-03-10 22:25:38 /install ..................................... ~ 0.05ms
  2026-03-10 22:25:40 /register .................................... ~ 0.21ms
  2026-03-10 22:25:40 /install ..................................... ~ 0.06ms
  2026-03-10 22:25:43 /about ..................................... ~ 500.57ms
  2026-03-10 22:25:43 /install ..................................... ~ 0.06ms
  2026-03-10 22:25:46 /contact ..................................... ~ 0.28ms
  2026-03-10 22:25:46 /install ..................................... ~ 0.07ms
  2026-03-10 22:25:48 /login ....................................... ~ 0.17ms
  2026-03-10 22:25:48 /install ..................................... ~ 0.20ms
  2026-03-10 22:26:53 / ............................................ ~ 0.28ms
  2026-03-10 22:26:53 /install ..................................... ~ 0.06ms
  2026-03-10 22:26:56 /explore/map ................................. ~ 0.20ms
  2026-03-10 22:26:56 /install ..................................... ~ 0.07ms
  2026-03-10 22:26:59 /explore/events .............................. ~ 0.23ms
  2026-03-10 22:26:59 /install ..................................... ~ 0.05ms
  2026-03-10 22:27:01 /explore/equipment ........................... ~ 0.23ms
  2026-03-10 22:27:01 /install ..................................... ~ 0.12ms
  2026-03-10 22:27:04 /explore/actors .............................. ~ 0.22ms
  2026-03-10 22:27:04 /install ..................................... ~ 0.09ms
  2026-03-10 22:27:07 /explore/conflicts ......................... ~ 500.69ms
  2026-03-10 22:27:07 /install ..................................... ~ 0.10ms
  2026-03-10 22:27:10 /submit-tip .................................. ~ 0.22ms
  2026-03-10 22:27:10 /install ..................................... ~ 0.28ms
  2026-03-10 22:27:13 /login ....................................... ~ 0.46ms
  2026-03-10 22:27:13 /install ..................................... ~ 0.18ms
  2026-03-10 22:27:15 /register .................................... ~ 0.21ms
  2026-03-10 22:27:15 /install ..................................... ~ 0.06ms
  2026-03-10 22:27:18 /about ..................................... ~ 500.60ms
  2026-03-10 22:27:18 /install ..................................... ~ 0.05ms
  2026-03-10 22:27:21 /contact ..................................... ~ 0.25ms
  2026-03-10 22:27:21 /install ..................................... ~ 0.05ms
  2026-03-10 22:27:23 /login ....................................... ~ 0.18ms
  2026-03-10 22:27:24 /install ..................................... ~ 0.06ms
  2026-03-10 22:28:18 / ............................................ ~ 0.17ms
  2026-03-10 22:28:23 /explore/map ................................. ~ 0.27ms
  2026-03-10 22:28:25 /explore/events .............................. ~ 0.23ms
  2026-03-10 22:28:25 /api/events .................................. ~ 0.29ms
  2026-03-10 22:28:25 /api/stats/events ............................ ~ 1.51ms
  2026-03-10 22:28:25 /login ....................................... ~ 0.05ms
  2026-03-10 22:28:27 /explore/equipment ........................... ~ 0.21ms
  2026-03-10 22:28:27 /api/equipment ............................... ~ 0.06ms
  2026-03-10 22:28:27 /api/equipment/stats ......................... ~ 1.13ms
  2026-03-10 22:28:30 /explore/actors .............................. ~ 0.19ms
  PHP Fatal error:  Cannot redeclare App\Models\Actor::aliases() in /app/app/Models/Actor.php on line 167
  2026-03-10 22:28:30 /api/actors .................................. ~ 0.37ms
  2026-03-10 22:28:32 /explore/conflicts ........................... ~ 0.20ms
  2026-03-10 22:28:32 /api/public/conflicts ........................ ~ 0.12ms
  2026-03-10 22:28:34 /submit-tip .................................. ~ 0.20ms
  2026-03-10 22:28:36 /login ....................................... ~ 0.21ms
  2026-03-10 22:28:39 /register .................................... ~ 0.19ms
  2026-03-10 22:28:41 /about ....................................... ~ 0.24ms
  2026-03-10 22:28:43 /contact ................................... ~ 500.60ms
  2026-03-10 22:28:45 /login ....................................... ~ 0.17ms
  2026-03-10 22:28:46 /login ....................................... ~ 0.06ms
  2026-03-10 22:28:48 /dashboard ................................. ~ 500.57ms
  2026-03-10 22:28:50 /events ...................................... ~ 0.28ms
  2026-03-10 22:28:52 /events/create ............................... ~ 0.19ms
  2026-03-10 22:28:54 /equipment ................................... ~ 0.19ms
  2026-03-10 22:28:57 /actors ...................................... ~ 0.16ms
  2026-03-10 22:28:59 /conflicts ................................... ~ 0.20ms
  2026-03-10 22:29:01 /zones ....................................... ~ 0.20ms
  2026-03-10 22:29:03 /alerts .................................... ~ 500.49ms
  2026-03-10 22:29:05 /reports ..................................... ~ 0.20ms
  2026-03-10 22:29:08 /timeline .................................... ~ 0.15ms
  2026-03-10 22:29:10 /analytics ................................... ~ 0.24ms
  2026-03-10 22:29:12 /admin/audit-logs ............................ ~ 0.17ms
  2026-03-10 22:29:14 /admin/settings .............................. ~ 0.27ms
  2026-03-10 22:30:05 / ............................................ ~ 0.20ms
  2026-03-10 22:30:08 /explore/map ................................. ~ 0.25ms
  2026-03-10 22:30:10 /explore/events ............................ ~ 500.56ms
  2026-03-10 22:30:10 /api/events .................................. ~ 0.07ms
  2026-03-10 22:30:10 /api/stats/events ............................ ~ 1.21ms
  2026-03-10 22:30:10 /login ....................................... ~ 0.05ms
  2026-03-10 22:30:12 /explore/equipment ........................... ~ 0.24ms
  2026-03-10 22:30:12 /api/equipment ............................... ~ 0.16ms
  2026-03-10 22:30:12 /api/equipment/stats ......................... ~ 1.27ms
  2026-03-10 22:30:14 /explore/actors ............................ ~ 500.51ms
  2026-03-10 22:30:14 /api/actors .................................. ~ 0.06ms
  2026-03-10 22:30:17 /explore/conflicts ........................... ~ 0.58ms
  2026-03-10 22:30:17 /api/public/conflicts ...................... ~ 500.65ms
  2026-03-10 22:30:19 /submit-tip .................................. ~ 0.22ms
  2026-03-10 22:30:21 /login ....................................... ~ 0.25ms
  2026-03-10 22:30:23 /register .................................... ~ 0.41ms
  2026-03-10 22:30:26 /about ....................................... ~ 0.21ms
  2026-03-10 22:30:28 /contact ..................................... ~ 0.26ms
  2026-03-10 22:30:30 /login ....................................... ~ 0.23ms
  2026-03-10 22:30:30 /login ....................................... ~ 0.21ms
  2026-03-10 22:30:32 /dashboard ................................... ~ 0.19ms
  2026-03-10 22:30:35 /events ...................................... ~ 0.24ms
  2026-03-10 22:30:37 /events/create ............................... ~ 0.21ms
  2026-03-10 22:30:39 /equipment ................................... ~ 0.23ms
  2026-03-10 22:30:41 /actors ...................................... ~ 0.20ms
  2026-03-10 22:30:44 /conflicts ................................... ~ 0.21ms
  2026-03-10 22:30:46 /zones ....................................... ~ 0.19ms
  2026-03-10 22:30:48 /alerts ...................................... ~ 0.25ms
  2026-03-10 22:30:50 /reports ..................................... ~ 0.25ms
  2026-03-10 22:30:52 /timeline .................................... ~ 0.20ms
  2026-03-10 22:30:55 /analytics ................................... ~ 0.20ms
  2026-03-10 22:30:57 /admin/audit-logs .......................... ~ 500.68ms
  2026-03-10 22:30:59 /admin/settings .............................. ~ 0.21ms
  2026-03-10 22:31:32 /login ....................................... ~ 0.43ms
  2026-03-10 22:31:33 /login ..................................... ~ 500.50ms
  2026-03-10 22:31:38 /dashboard ................................... ~ 0.19ms
  2026-03-10 22:31:40 /events ...................................... ~ 0.19ms
  2026-03-10 22:31:42 /events/create ............................. ~ 500.66ms
  2026-03-10 22:31:45 /equipment ................................... ~ 0.27ms
  2026-03-10 22:31:47 /actors ...................................... ~ 0.20ms
  2026-03-10 22:31:49 /conflicts ................................... ~ 0.20ms
  2026-03-10 22:31:51 /zones ....................................... ~ 0.22ms
  2026-03-10 22:31:53 /alerts .................................... ~ 500.51ms
  2026-03-10 22:31:56 /reports ..................................... ~ 0.20ms
  2026-03-10 22:31:58 /timeline .................................... ~ 0.14ms
  2026-03-10 22:32:00 /analytics ................................... ~ 0.23ms
  2026-03-10 22:32:02 /admin/audit-logs ............................ ~ 0.19ms
  2026-03-10 22:32:05 /admin/settings .............................. ~ 0.20ms
  2026-03-11 04:44:01 / .......................................... ~ 517.11ms
  2026-03-11 04:44:06 /explore/map ................................. ~ 0.48ms
  2026-03-11 04:44:08 /explore/events .............................. ~ 0.23ms
  2026-03-11 04:44:08 /api/events .................................. ~ 0.07ms
  2026-03-11 04:44:08 /api/stats/events ............................ ~ 1.80ms
  2026-03-11 04:44:08 /login ..................................... ~ 500.53ms
  2026-03-11 04:44:10 /explore/equipment ........................... ~ 0.20ms
  2026-03-11 04:44:10 /api/equipment ............................. ~ 500.86ms
  2026-03-11 04:44:10 /api/equipment/stats ....................... ~ 502.03ms
  2026-03-11 04:44:12 /explore/actors .............................. ~ 0.27ms
  2026-03-11 04:44:13 /api/actors .................................. ~ 0.06ms
  2026-03-11 04:44:15 /explore/conflicts ........................... ~ 0.20ms
  2026-03-11 04:44:15 /api/public/conflicts ........................ ~ 0.06ms
  2026-03-11 04:44:17 /submit-tip .................................. ~ 0.23ms
  2026-03-11 04:44:20 /login ....................................... ~ 0.26ms
  2026-03-11 04:44:22 /register .................................. ~ 500.60ms
  2026-03-11 04:44:24 /about ....................................... ~ 0.20ms
  2026-03-11 04:44:26 /contact ..................................... ~ 0.19ms
  2026-03-11 04:44:29 /forgot-password ............................. ~ 0.19ms
  2026-03-11 04:44:31 /offline ..................................... ~ 0.22ms
  2026-03-11 04:44:32 / ............................................ ~ 0.23ms
  2026-03-11 04:44:33 /explore/events/1 ............................ ~ 0.15ms
  2026-03-11 04:44:34 /api/events/1/comments ....................... ~ 0.20ms
  2026-03-11 04:44:36 /explore/equipment/1 ....................... ~ 500.49ms
  2026-03-11 04:44:38 /explore/actors/1 ............................ ~ 0.20ms
  2026-03-11 04:44:40 /explore/conflicts/1 ......................... ~ 0.24ms
  2026-03-11 04:44:43 /explore/events ............................ ~ 500.79ms
  2026-03-11 04:44:43 /api/events .................................. ~ 0.07ms
  2026-03-11 04:44:43 /api/stats/events ............................ ~ 1.69ms
  2026-03-11 04:44:43 /login ....................................... ~ 0.06ms
  2026-03-11 04:44:45 /explore/equipment ........................... ~ 0.19ms
  2026-03-11 04:44:45 /api/equipment ............................... ~ 0.07ms
  2026-03-11 04:44:45 /api/equipment/stats ......................... ~ 1.34ms
  2026-03-11 04:44:47 /explore/actors .............................. ~ 0.20ms
  2026-03-11 04:44:48 /api/actors .................................. ~ 0.06ms
  2026-03-11 04:44:50 /login ....................................... ~ 0.14ms
  2026-03-11 04:44:50 /login ....................................... ~ 0.21ms
  2026-03-11 04:44:55 /dashboard ................................... ~ 0.20ms
  2026-03-11 04:44:57 /events ...................................... ~ 0.22ms
  2026-03-11 04:45:00 /events/create ............................... ~ 0.23ms
  2026-03-11 04:45:02 /equipment ................................... ~ 0.34ms
  2026-03-11 04:45:04 /actors ...................................... ~ 0.18ms
  2026-03-11 04:45:06 /conflicts ................................... ~ 0.37ms
  2026-03-11 04:45:09 /zones ....................................... ~ 0.25ms
  2026-03-11 04:45:11 /alerts ...................................... ~ 0.19ms
  2026-03-11 04:45:13 /reports ..................................... ~ 0.17ms
  2026-03-11 04:45:16 /timeline .................................... ~ 0.23ms
  2026-03-11 04:45:18 /analytics ................................. ~ 500.63ms
  2026-03-11 04:45:20 /admin/audit-logs ............................ ~ 0.26ms
  2026-03-11 04:45:23 /admin/settings ............................ ~ 500.57ms
  2026-03-11 04:45:25 /admin/users ................................. ~ 0.36ms
  2026-03-11 04:45:28 /admin/roles ................................. ~ 0.22ms
  2026-03-11 04:45:30 /admin/permissions ........................... ~ 0.21ms
  2026-03-11 04:45:32 /admin/email-templates ....................... ~ 0.20ms
  2026-03-11 04:45:35 /admin/ab-testing ............................ ~ 0.21ms
  2026-03-11 04:45:37 /profile ................................... ~ 500.53ms
  2026-03-11 04:45:40 /admin/achievements .......................... ~ 0.25ms
  2026-03-11 04:59:09 / .......................................... ~ 501.91ms
  2026-03-11 04:59:12 /login ..................................... ~ 500.69ms
  2026-03-11 04:59:13 /login ..................................... ~ 500.55ms
  2026-03-11 04:59:18 /dashboard ................................... ~ 0.19ms
